---
source: src/mocks.rs
expression: new_100()
---
- account_id: validator_0
  stake: 10000
  is_malicious: true
- account_id: validator_1
  stake: 10000
  is_malicious: true
- account_id: validator_2
  stake: 10000
  is_malicious: true
- account_id: validator_3
  stake: 10000
  is_malicious: true
- account_id: validator_4
  stake: 10000
  is_malicious: true
- account_id: validator_5
  stake: 10000
  is_malicious: true
- account_id: validator_6
  stake: 10000
  is_malicious: true
- account_id: validator_7
  stake: 10000
  is_malicious: true
- account_id: validator_8
  stake: 10000
  is_malicious: true
- account_id: validator_9
  stake: 10000
  is_malicious: true
- account_id: validator_10
  stake: 10000
  is_malicious: true
- account_id: validator_11
  stake: 10000
  is_malicious: true
- account_id: validator_12
  stake: 10000
  is_malicious: true
- account_id: validator_13
  stake: 10000
  is_malicious: true
- account_id: validator_14
  stake: 10000
  is_malicious: true
- account_id: validator_15
  stake: 10000
  is_malicious: true
- account_id: validator_16
  stake: 10000
  is_malicious: true
- account_id: validator_17
  stake: 10000
  is_malicious: true
- account_id: validator_18
  stake: 10000
  is_malicious: true
- account_id: validator_19
  stake: 10000
  is_malicious: true
- account_id: validator_20
  stake: 10000
  is_malicious: true
- account_id: validator_21
  stake: 10000
  is_malicious: true
- account_id: validator_22
  stake: 10000
  is_malicious: true
- account_id: validator_23
  stake: 10000
  is_malicious: true
- account_id: validator_24
  stake: 10000
  is_malicious: true
- account_id: validator_25
  stake: 10000
  is_malicious: true
- account_id: validator_26
  stake: 10000
  is_malicious: true
- account_id: validator_27
  stake: 10000
  is_malicious: true
- account_id: validator_28
  stake: 10000
  is_malicious: true
- account_id: validator_29
  stake: 10000
  is_malicious: true
- account_id: validator_30
  stake: 10000
  is_malicious: true
- account_id: validator_31
  stake: 10000
  is_malicious: true
- account_id: validator_32
  stake: 10000
  is_malicious: true
- account_id: validator_33
  stake: 10000
  is_malicious: false
- account_id: validator_34
  stake: 10000
  is_malicious: false
- account_id: validator_35
  stake: 10000
  is_malicious: false
- account_id: validator_36
  stake: 10000
  is_malicious: false
- account_id: validator_37
  stake: 10000
  is_malicious: false
- account_id: validator_38
  stake: 10000
  is_malicious: false
- account_id: validator_39
  stake: 10000
  is_malicious: false
- account_id: validator_40
  stake: 10000
  is_malicious: false
- account_id: validator_41
  stake: 10000
  is_malicious: false
- account_id: validator_42
  stake: 10000
  is_malicious: false
- account_id: validator_43
  stake: 10000
  is_malicious: false
- account_id: validator_44
  stake: 10000
  is_malicious: false
- account_id: validator_45
  stake: 10000
  is_malicious: false
- account_id: validator_46
  stake: 10000
  is_malicious: false
- account_id: validator_47
  stake: 10000
  is_malicious: false
- account_id: validator_48
  stake: 10000
  is_malicious: false
- account_id: validator_49
  stake: 10000
  is_malicious: false
- account_id: validator_50
  stake: 10000
  is_malicious: false
- account_id: validator_51
  stake: 10000
  is_malicious: false
- account_id: validator_52
  stake: 10000
  is_malicious: false
- account_id: validator_53
  stake: 10000
  is_malicious: false
- account_id: validator_54
  stake: 10000
  is_malicious: false
- account_id: validator_55
  stake: 10000
  is_malicious: false
- account_id: validator_56
  stake: 10000
  is_malicious: false
- account_id: validator_57
  stake: 10000
  is_malicious: false
- account_id: validator_58
  stake: 10000
  is_malicious: false
- account_id: validator_59
  stake: 10000
  is_malicious: false
- account_id: validator_60
  stake: 10000
  is_malicious: false
- account_id: validator_61
  stake: 10000
  is_malicious: false
- account_id: validator_62
  stake: 10000
  is_malicious: false
- account_id: validator_63
  stake: 10000
  is_malicious: false
- account_id: validator_64
  stake: 10000
  is_malicious: false
- account_id: validator_65
  stake: 10000
  is_malicious: false
- account_id: validator_66
  stake: 10000
  is_malicious: false
- account_id: validator_67
  stake: 10000
  is_malicious: false
- account_id: validator_68
  stake: 10000
  is_malicious: false
- account_id: validator_69
  stake: 10000
  is_malicious: false
- account_id: validator_70
  stake: 10000
  is_malicious: false
- account_id: validator_71
  stake: 10000
  is_malicious: false
- account_id: validator_72
  stake: 10000
  is_malicious: false
- account_id: validator_73
  stake: 10000
  is_malicious: false
- account_id: validator_74
  stake: 10000
  is_malicious: false
- account_id: validator_75
  stake: 10000
  is_malicious: false
- account_id: validator_76
  stake: 10000
  is_malicious: false
- account_id: validator_77
  stake: 10000
  is_malicious: false
- account_id: validator_78
  stake: 10000
  is_malicious: false
- account_id: validator_79
  stake: 10000
  is_malicious: false
- account_id: validator_80
  stake: 10000
  is_malicious: false
- account_id: validator_81
  stake: 10000
  is_malicious: false
- account_id: validator_82
  stake: 10000
  is_malicious: false
- account_id: validator_83
  stake: 10000
  is_malicious: false
- account_id: validator_84
  stake: 10000
  is_malicious: false
- account_id: validator_85
  stake: 10000
  is_malicious: false
- account_id: validator_86
  stake: 10000
  is_malicious: false
- account_id: validator_87
  stake: 10000
  is_malicious: false
- account_id: validator_88
  stake: 10000
  is_malicious: false
- account_id: validator_89
  stake: 10000
  is_malicious: false
- account_id: validator_90
  stake: 10000
  is_malicious: false
- account_id: validator_91
  stake: 10000
  is_malicious: false
- account_id: validator_92
  stake: 10000
  is_malicious: false
- account_id: validator_93
  stake: 10000
  is_malicious: false
- account_id: validator_94
  stake: 10000
  is_malicious: false
- account_id: validator_95
  stake: 10000
  is_malicious: false
- account_id: validator_96
  stake: 10000
  is_malicious: false
- account_id: validator_97
  stake: 10000
  is_malicious: false
- account_id: validator_98
  stake: 10000
  is_malicious: false
- account_id: validator_99
  stake: 10000
  is_malicious: false

